Archive member included because of file (symbol)

C:\nxp\PLeriC_WS\PLeriC\Debug\libPLeriC.a(PLC_Hardware.o)
                              ./main.o (IO_init)
C:\nxp\PLeriC_WS\PLeriC\Debug\libPLeriC.a(PLC_UserTasks.o)
                              ./main.o (vPLeriCScanCycleTask)
C:\nxp\PLeriC_WS\PLeriC\Debug\libPLeriC.a(PLC_Registers.o)
                              C:\nxp\PLeriC_WS\PLeriC\Debug\libPLeriC.a(PLC_UserTasks.o) (Convert_PLC_1ByteRegister_2_Uint8_t)
C:\nxp\PLeriC_WS\PLeriC\Debug\libPLeriC.a(PLC_UserPrograms.o)
                              C:\nxp\PLeriC_WS\PLeriC\Debug\libPLeriC.a(PLC_UserTasks.o) (PLC_P_MAIN_PROG_BOOL)
C:\nxp\PLeriC_WS\PLeriC\Debug\libPLeriC.a(PLC_IL_Instructions.o)
                              C:\nxp\PLeriC_WS\PLeriC\Debug\libPLeriC.a(PLC_UserPrograms.o) (PLC_IL_LD)
C:\nxp\PLeriC_WS\PLeriC\Debug\libPLeriC.a(PLC_StdFunctionBlocks.o)
                              C:\nxp\PLeriC_WS\PLeriC\Debug\libPLeriC.a(PLC_UserPrograms.o) (PLC_FB_CTU_INT)
C:\nxp\PLeriC_WS\Lib_CMSIS\Debug\libLib_CMSIS.a(lpc17xx_gpio.o)
                              C:\nxp\PLeriC_WS\PLeriC\Debug\libPLeriC.a(PLC_Hardware.o) (GPIO_SetDir)
C:\nxp\PLeriC_WS\Lib_CMSIS\Debug\libLib_CMSIS.a(system_LPC17xx.o)
                              ./cr_startup_lpc17.o (SystemInit)
C:\nxp\PLeriC_WS\FreeRTOS_Library\Debug\libFreeRTOS_Library.a(port.o)
                              ./cr_startup_lpc17.o (vPortSVCHandler)
C:\nxp\PLeriC_WS\FreeRTOS_Library\Debug\libFreeRTOS_Library.a(tasks.o)
                              ./main.o (xTaskGenericCreate)
C:\nxp\PLeriC_WS\FreeRTOS_Library\Debug\libFreeRTOS_Library.a(heap_2.o)
                              C:\nxp\PLeriC_WS\FreeRTOS_Library\Debug\libFreeRTOS_Library.a(tasks.o) (pvPortMalloc)
C:\nxp\PLeriC_WS\FreeRTOS_Library\Debug\libFreeRTOS_Library.a(list.o)
                              C:\nxp\PLeriC_WS\FreeRTOS_Library\Debug\libFreeRTOS_Library.a(tasks.o) (vListInitialise)
c:/nxp/lpcxpresso_5.2.4_2122/lpcxpresso/tools/bin/../lib/gcc/arm-none-eabi/4.6.2/../../../../arm-none-eabi/lib/armv7-m\libcr_semihost.a(_cr__main.o)
                              ./cr_startup_lpc17.o (__main)
c:/nxp/lpcxpresso_5.2.4_2122/lpcxpresso/tools/bin/../lib/gcc/arm-none-eabi/4.6.2/../../../../arm-none-eabi/lib/armv7-m\libcr_c.a(memcpy.o)
                              C:\nxp\PLeriC_WS\PLeriC\Debug\libPLeriC.a(PLC_IL_Instructions.o) (memcpy)
c:/nxp/lpcxpresso_5.2.4_2122/lpcxpresso/tools/bin/../lib/gcc/arm-none-eabi/4.6.2/../../../../arm-none-eabi/lib/armv7-m\libcr_c.a(memset.o)
                              C:\nxp\PLeriC_WS\FreeRTOS_Library\Debug\libFreeRTOS_Library.a(tasks.o) (memset)
c:/nxp/lpcxpresso_5.2.4_2122/lpcxpresso/tools/bin/../lib/gcc/arm-none-eabi/4.6.2/../../../../arm-none-eabi/lib/armv7-m\libcr_c.a(initio.o)
                              c:/nxp/lpcxpresso_5.2.4_2122/lpcxpresso/tools/bin/../lib/gcc/arm-none-eabi/4.6.2/../../../../arm-none-eabi/lib/armv7-m\libcr_semihost.a(_cr__main.o) (_initio)
c:/nxp/lpcxpresso_5.2.4_2122/lpcxpresso/tools/bin/../lib/gcc/arm-none-eabi/4.6.2/../../../../arm-none-eabi/lib/armv7-m\libcr_c.a(memcmp.o)
                              C:\nxp\PLeriC_WS\FreeRTOS_Library\Debug\libFreeRTOS_Library.a(tasks.o) (memcmp)
c:/nxp/lpcxpresso_5.2.4_2122/lpcxpresso/tools/bin/../lib/gcc/arm-none-eabi/4.6.2/../../../../arm-none-eabi/lib/armv7-m\libcr_c.a(setvbuf.o)
                              c:/nxp/lpcxpresso_5.2.4_2122/lpcxpresso/tools/bin/../lib/gcc/arm-none-eabi/4.6.2/../../../../arm-none-eabi/lib/armv7-m\libcr_c.a(initio.o) (setvbuf)
c:/nxp/lpcxpresso_5.2.4_2122/lpcxpresso/tools/bin/../lib/gcc/arm-none-eabi/4.6.2/../../../../arm-none-eabi/lib/armv7-m\libcr_c.a(stdio.o)
                              c:/nxp/lpcxpresso_5.2.4_2122/lpcxpresso/tools/bin/../lib/gcc/arm-none-eabi/4.6.2/../../../../arm-none-eabi/lib/armv7-m\libcr_c.a(initio.o) (__Ciob)
c:/nxp/lpcxpresso_5.2.4_2122/lpcxpresso/tools/bin/../lib/gcc/arm-none-eabi/4.6.2/../../../../arm-none-eabi/lib/armv7-m\libcr_c.a(strncpy.o)
                              C:\nxp\PLeriC_WS\FreeRTOS_Library\Debug\libFreeRTOS_Library.a(tasks.o) (strncpy)
c:/nxp/lpcxpresso_5.2.4_2122/lpcxpresso/tools/bin/../lib/gcc/arm-none-eabi/4.6.2/../../../../arm-none-eabi/lib/armv7-m\libcr_c.a(__fillbuf.o)
                              c:/nxp/lpcxpresso_5.2.4_2122/lpcxpresso/tools/bin/../lib/gcc/arm-none-eabi/4.6.2/../../../../arm-none-eabi/lib/armv7-m\libcr_c.a(stdio.o) (__filbuf)
c:/nxp/lpcxpresso_5.2.4_2122/lpcxpresso/tools/bin/../lib/gcc/arm-none-eabi/4.6.2/../../../../arm-none-eabi/lib/armv7-m\libcr_c.a(_deferredlazyseek.o)
                              c:/nxp/lpcxpresso_5.2.4_2122/lpcxpresso/tools/bin/../lib/gcc/arm-none-eabi/4.6.2/../../../../arm-none-eabi/lib/armv7-m\libcr_c.a(__fillbuf.o) (_deferredlazyseek)
c:/nxp/lpcxpresso_5.2.4_2122/lpcxpresso/tools/bin/../lib/gcc/arm-none-eabi/4.6.2/../../../../arm-none-eabi/lib/armv7-m\libcr_c.a(_fdopen.o)
[...]
Memory Configuration

Name             Origin             Length             Attributes
MFlash512        0x00010000         0x00070000         xr
RamLoc32         0x10000000         0x00008000         xrw
RamAHB32         0x2007c000         0x00008000         xrw
*default*        0x00000000         0xffffffff

Linker script and memory map

LOAD ./cr_startup_lpc17.o
LOAD ./main.o
LOAD C:\nxp\PLeriC_WS\PLeriC\Debug\libPLeriC.a
LOAD C:\nxp\PLeriC_WS\Lib_CMSIS\Debug\libLib_CMSIS.a
LOAD C:\nxp\PLeriC_WS\FreeRTOS_Library\Debug\libFreeRTOS_Library.a
START GROUP
LOAD c:/nxp/lpcxpresso_5.2.4_2122/lpcxpresso/tools/bin/../lib/gcc/arm-none-eabi/4.6.2/../../../../arm-none-eabi/lib/armv7-m\libcr_semihost.a
LOAD c:/nxp/lpcxpresso_5.2.4_2122/lpcxpresso/tools/bin/../lib/gcc/arm-none-eabi/4.6.2/../../../../arm-none-eabi/lib/armv7-m\libcr_c.a
LOAD c:/nxp/lpcxpresso_5.2.4_2122/lpcxpresso/tools/bin/../lib/gcc/arm-none-eabi/4.6.2/armv7-m\libcr_eabihelpers.a
END GROUP
                0x00080000                __top_MFlash512 = 0x80000
                0x10008000                __top_RamLoc32 = 0x10008000
                0x20084000                __top_RamAHB32 = 0x20084000

.text           0x00010000     0x3538
 FILL mask 0xff
                0x00010000                __vectors_start__ = ABSOLUTE (.)
 *(.isr_vector)
 .isr_vector    0x00010000       0xcc ./cr_startup_lpc17.o
                0x00010000                g_pfnVectors
                0x000100cc                . = ALIGN (0x4)
                0x000100cc                __section_table_start = .
                0x000100cc                __data_section_table = .
                0x000100cc        0x4 LONG 0x13538 LOADADDR (.data)
                0x000100d0        0x4 LONG 0x10000000 ADDR (.data)
                0x000100d4        0x4 LONG 0x8 SIZEOF (.data)
                0x000100d8        0x4 LONG 0x13538 LOADADDR (.data_RAM2)
                0x000100dc        0x4 LONG 0x2007c000 ADDR (.data_RAM2)
                0x000100e0        0x4 LONG 0x0 SIZEOF (.data_RAM2)
                0x000100e4                __data_section_table_end = .
                0x000100e4                __bss_section_table = .
                0x000100e4        0x4 LONG 0x10000008 ADDR (.bss)
                0x000100e8        0x4 LONG 0x32dc SIZEOF (.bss)
                0x000100ec        0x4 LONG 0x2007c000 ADDR (.bss_RAM2)
                0x000100f0        0x4 LONG 0x0 SIZEOF (.bss_RAM2)
                0x000100f4                __bss_section_table_end = .
                0x000100f4                __section_table_end = .
 *(.after_vectors*)
 *(.text*)
 .text.NMI_Handler
                0x000100f4        0x4 ./cr_startup_lpc17.o
                0x000100f4                NMI_Handler
 .text.HardFault_Handler
                0x000100f8        0x4 ./cr_startup_lpc17.o
                0x000100f8                HardFault_Handler
 .text.MemManage_Handler
                0x000100fc        0x4 ./cr_startup_lpc17.o
                0x000100fc                MemManage_Handler
 .text.BusFault_Handler
                0x00010100        0x4 ./cr_startup_lpc17.o
                0x00010100                BusFault_Handler
 .text.UsageFault_Handler
                0x00010104        0x4 ./cr_startup_lpc17.o
                0x00010104                UsageFault_Handler
 .text.DebugMon_Handler
                0x00010108        0x4 ./cr_startup_lpc17.o
                0x00010108                DebugMon_Handler
 .text.ResetISR
                0x0001010c       0x5c ./cr_startup_lpc17.o
                0x0001010c                ResetISR
 .text.IntDefaultHandler
                0x00010168        0x4 ./cr_startup_lpc17.o
                0x00010168                TIMER2_IRQHandler
                0x00010168                RIT_IRQHandler
                0x00010168                I2C0_IRQHandler
                0x00010168                USBActivity_IRQHandler
                0x00010168                PWM1_IRQHandler
                0x00010168                I2C1_IRQHandler
                0x00010168                EINT2_IRQHandler
                0x00010168                UART1_IRQHandler
                0x00010168                EINT3_IRQHandler
                0x00010168                CANActivity_IRQHandler
                0x00010168                TIMER3_IRQHandler
                0x00010168                UART0_IRQHandler
                0x00010168                IntDefaultHandler
                0x00010168                PLL0_IRQHandler
                0x00010168                CAN_IRQHandler
                0x00010168                PLL1_IRQHandler
                0x00010168                SSP0_IRQHandler
                0x00010168                I2S_IRQHandler
                0x00010168                I2C2_IRQHandler
                0x00010168                RTC_IRQHandler
                0x00010168                TIMER0_IRQHandler
                0x00010168                SPI_IRQHandler
                0x00010168                EINT1_IRQHandler
                0x00010168                TIMER1_IRQHandler
                0x00010168                UART2_IRQHandler
                0x00010168                ADC_IRQHandler
                0x00010168                SSP1_IRQHandler
                0x00010168                USB_IRQHandler
                0x00010168                BOD_IRQHandler
                0x00010168                WDT_IRQHandler
                0x00010168                QEI_IRQHandler
                0x00010168                EINT0_IRQHandler
                0x00010168                DMA_IRQHandler
                0x00010168                UART3_IRQHandler
                0x00010168                MCPWM_IRQHandler
                0x00010168                ENET_IRQHandler
 .text.main     0x0001016c       0x68 ./main.o
                0x0001016c                main
 .text.vApplicationMallocFailedHook
                0x000101d4        0x4 ./main.o
                0x000101d4                vApplicationMallocFailedHook
 .text.vApplicationStackOverflowHook
                0x000101d8        0x4 ./main.o
                0x000101d8                vApplicationStackOverflowHook
 .text.vApplicationIdleHook
                0x000101dc        0x4 ./main.o
                0x000101dc                vApplicationIdleHook
 .text.vApplicationTickHook
                0x000101e0        0x4 ./main.o
                0x000101e0                vApplicationTickHook
 .text.IO_init  0x000101e4       0xc0 C:\nxp\PLeriC_WS\PLeriC\Debug\libPLeriC.a(PLC_Hardware.o)
                0x000101e4                IO_init
 .text.Read_IN  0x000102a4       0xbc C:\nxp\PLeriC_WS\PLeriC\Debug\libPLeriC.a(PLC_Hardware.o)
                0x000102a4                Read_IN
 .text.Write_OUT
                0x00010360      0x134 C:\nxp\PLeriC_WS\PLeriC\Debug\libPLeriC.a(PLC_Hardware.o)
                0x00010360                Write_OUT
 .text.vPLeriCScanCycleTask
                0x00010494       0x6c C:\nxp\PLeriC_WS\PLeriC\Debug\libPLeriC.a(PLC_UserTasks.o)
                0x00010494                vPLeriCScanCycleTask
 .text.vPeriodicTask_TareaPer
                0x00010500      0x22c C:\nxp\PLeriC_WS\PLeriC\Debug\libPLeriC.a(PLC_UserTasks.o)
                0x00010500                vPeriodicTask_TareaPer
 .text.Convert_PLC_1ByteRegister_2_Uint8_t
                0x0001072c       0xbc C:\nxp\PLeriC_WS\PLeriC\Debug\libPLeriC.a(PLC_Registers.o)
                0x0001072c                Convert_PLC_1ByteRegister_2_Uint8_t
 .text.Convert_Uint8_t_2_PLC_1ByteRegister
                0x000107e8       0xe8 C:\nxp\PLeriC_WS\PLeriC\Debug\libPLeriC.a(PLC_Registers.o)
                0x000107e8                Convert_Uint8_t_2_PLC_1ByteRegister
 .text.PLC_P_MAIN_PROG_BOOL
                0x000108d0      0x190 C:\nxp\PLeriC_WS\PLeriC\Debug\libPLeriC.a(PLC_UserPrograms.o)
                0x000108d0                PLC_P_MAIN_PROG_BOOL
 .text.PLC_IL_LD
                0x00010a60      0x440 C:\nxp\PLeriC_WS\PLeriC\Debug\libPLeriC.a(PLC_IL_Instructions.o)
                0x00010a60                PLC_IL_LD
 .text.PLC_IL_ST
                0x00010ea0       0x74 C:\nxp\PLeriC_WS\PLeriC\Debug\libPLeriC.a(PLC_IL_Instructions.o)
                0x00010ea0                PLC_IL_ST
 .text.PLC_FB_CTU_INT
                0x00010f14       0x84 C:\nxp\PLeriC_WS\PLeriC\Debug\libPLeriC.a(PLC_StdFunctionBlocks.o)
                0x00010f14                PLC_FB_CTU_INT
 .text.PLC_FB_TON_TIME
                0x00010f98       0xac C:\nxp\PLeriC_WS\PLeriC\Debug\libPLeriC.a(PLC_StdFunctionBlocks.o)
                0x00010f98                PLC_FB_TON_TIME
 .text.PLC_FB_R_TRIG_BOOL
                0x00011044       0x40 C:\nxp\PLeriC_WS\PLeriC\Debug\libPLeriC.a(PLC_StdFunctionBlocks.o)
                0x00011044                PLC_FB_R_TRIG_BOOL
 .text          0x00011084      0x8b0 C:\nxp\PLeriC_WS\Lib_CMSIS\Debug\libLib_CMSIS.a(lpc17xx_gpio.o)
                0x000111f8                GPIO_SetDir
                0x0001124c                GPIO_SetValue
                0x00011278                GPIO_ClearValue
                0x000112a4                GPIO_ReadValue
                0x000112d4                GPIO_IntCmd
                0x00011358                GPIO_GetIntStatus
                0x00011418                GPIO_ClearInt
                0x00011458                FIO_SetDir
                0x00011480                FIO_SetValue
                0x000114a0                FIO_ClearValue
                0x000114c0                FIO_ReadValue
                0x000114e0                FIO_IntCmd
                0x00011508                FIO_GetIntStatus
                0x00011534                FIO_ClearInt
                0x00011554                FIO_SetMask
                0x000115a8                FIO_HalfWordSetDir
                0x0001163c                FIO_HalfWordSetMask
                0x000116d0                FIO_HalfWordSetValue
                0x00011710                FIO_HalfWordClearValue
                0x00011750                FIO_HalfWordReadValue
                0x00011794                FIO_ByteSetDir
                0x00011804                FIO_ByteSetMask
                0x0001187c                FIO_ByteSetValue
                0x000118b8                FIO_ByteClearValue
                0x000118f4                FIO_ByteReadValue
 .text          0x00011934      0x454 C:\nxp\PLeriC_WS\Lib_CMSIS\Debug\libLib_CMSIS.a(system_LPC17xx.o)
                0x00011934                SystemCoreClockUpdate
                0x00011b48                SystemInit
 .text          0x00011d88      0x150 C:\nxp\PLeriC_WS\FreeRTOS_Library\Debug\libFreeRTOS_Library.a(port.o)
                0x00011d88                pxPortInitialiseStack
                0x00011da8                vPortSVCHandler
                0x00011dc8                vPortStartFirstTask
                0x00011dd4                xPortStartScheduler
                0x00011e24                vPortEndScheduler
                0x00011e28                vPortYieldFromISR
                0x00011e38                vPortEnterCritical
                0x00011e54                vPortExitCritical
                0x00011e70                xPortPendSVHandler
                0x00011eac                xPortSysTickHandler
 .text          0x00011ed8      0xc60 C:\nxp\PLeriC_WS\FreeRTOS_Library\Debug\libFreeRTOS_Library.a(tasks.o)
                0x00011ed8                xTaskGenericCreate
                0x000120d4                vTaskDelete
                0x00012154                uxTaskPriorityGet
                0x00012174                vTaskPrioritySet
                0x00012228                vTaskSuspend
                0x00012284                xTaskIsTaskSuspended
                0x000122b0                vTaskResume
                0x0001232c                xTaskResumeFromISR
                0x000123a8                vTaskStartScheduler
                0x000123fc                vTaskEndScheduler
                0x0001241c                vTaskSuspendAll
                0x00012434                xTaskGetTickCount
                0x00012450                uxTaskGetNumberOfTasks
                0x0001245c                vTaskIncrementTick
                0x0001253c                xTaskResumeAll
                0x000126b8                vTaskDelay
                0x00012710                vTaskDelayUntil
                0x000127ac                vTaskSwitchContext
                0x000128a8                vTaskPlaceOnEventList
                0x00012914                xTaskRemoveFromEventList
                0x000129a0                vTaskSetTimeOutState
                0x000129b8                xTaskCheckForTimeOut
                0x00012a38                vTaskMissedYield
                0x00012a4c                xTaskGetCurrentTaskHandle
                0x00012a58                vTaskPriorityInherit
                0x00012ae4                vTaskPriorityDisinherit
 .text          0x00012b38      0x14c C:\nxp\PLeriC_WS\FreeRTOS_Library\Debug\libFreeRTOS_Library.a(heap_2.o)
                0x00012b38                pvPortMalloc
                0x00012c28                vPortFree
                0x00012c70                xPortGetFreeHeapSize
                0x00012c80                vPortInitialiseBlocks
 .text          0x00012c84       0xa4 C:\nxp\PLeriC_WS\FreeRTOS_Library\Debug\libFreeRTOS_Library.a(list.o)
                0x00012c84                vListInitialise
                0x00012c9c                vListInitialiseItem
                0x00012ca4                vListInsertEnd
                0x00012cc4                vListInsert
                0x00012d00                vListRemove
 .text.__main   0x00012d28       0x14 c:/nxp/lpcxpresso_5.2.4_2122/lpcxpresso/tools/bin/../lib/gcc/arm-none-eabi/4.6.2/../../../../arm-none-eabi/lib/armv7-m\libcr_semihost.a(_cr__main.o)
                0x00012d28                __CR_SEMIHOST
                0x00012d28                __main
 .text.memcpy   0x00012d3c        0x4 c:/nxp/lpcxpresso_5.2.4_2122/lpcxpresso/tools/bin/../lib/gcc/arm-none-eabi/4.6.2/../../../../arm-none-eabi/lib/armv7-m\libcr_c.a(memcpy.o)
                0x00012d3c                memcpy
 .text.memset   0x00012d40        0x4 c:/nxp/lpcxpresso_5.2.4_2122/lpcxpresso/tools/bin/../lib/gcc/arm-none-eabi/4.6.2/../../../../arm-none-eabi/lib/armv7-m\libcr_c.a(memset.o)
                0x00012d40                memset
 .text._initio  0x00012d44       0x9c c:/nxp/lpcxpresso_5.2.4_2122/lpcxpresso/tools/bin/../lib/gcc/arm-none-eabi/4.6.2/../../../../arm-none-eabi/lib/armv7-m\libcr_c.a(initio.o)
                0x00012d44                _initio
 .text.memcmp   0x00012de0       0x38 c:/nxp/lpcxpresso_5.2.4_2122/lpcxpresso/tools/bin/../lib/gcc/arm-none-eabi/4.6.2/../../../../arm-none-eabi/lib/armv7-m\libcr_c.a(memcmp.o)
                0x00012de0                memcmp
 .text.setvbuf  0x00012e18       0x48 c:/nxp/lpcxpresso_5.2.4_2122/lpcxpresso/tools/bin/../lib/gcc/arm-none-eabi/4.6.2/../../../../arm-none-eabi/lib/armv7-m\libcr_c.a(setvbuf.o)
                0x00012e18                setvbuf
 .text.strncpy  0x00012e60       0x54 c:/nxp/lpcxpresso_5.2.4_2122/lpcxpresso/tools/bin/../lib/gcc/arm-none-eabi/4.6.2/../../../../arm-none-eabi/lib/armv7-m\libcr_c.a(strncpy.o)
                0x00012e60                strncpy
 .text._deferredlazyseek
                0x00012eb4       0x44 c:/nxp/lpcxpresso_5.2.4_2122/lpcxpresso/tools/bin/../lib/gcc/arm-none-eabi/4.6.2/../../../../arm-none-eabi/lib/armv7-m\libcr_c.a(_deferredlazyseek.o)
                0x00012eb4                _deferredlazyseek
 .text._fdopen  0x00012ef8       0x6c c:/nxp/lpcxpresso_5.2.4_2122/lpcxpresso/tools/bin/../lib/gcc/arm-none-eabi/4.6.2/../../../../arm-none-eabi/lib/armv7-m\libcr_c.a(_fdopen.o)
                0x00012ef8                _fdopen
 .text._fflush  0x00012f64       0x58 c:/nxp/lpcxpresso_5.2.4_2122/lpcxpresso/tools/bin/../lib/gcc/arm-none-eabi/4.6.2/../../../../arm-none-eabi/lib/armv7-m\libcr_c.a(_fflush.o)
                0x00012f64                _fflush
 .text._Cwritebuf
                0x00012fbc       0x84 c:/nxp/lpcxpresso_5.2.4_2122/lpcxpresso/tools/bin/../lib/gcc/arm-none-eabi/4.6.2/../../../../arm-none-eabi/lib/armv7-m\libcr_c.a(_writebuf.o)
                0x00012fbc                _Cwritebuf
 .text.malloc   0x00013040       0xbc c:/nxp/lpcxpresso_5.2.4_2122/lpcxpresso/tools/bin/../lib/gcc/arm-none-eabi/4.6.2/../../../../arm-none-eabi/lib/armv7-m\libcr_c.a(alloc.o)
                0x00013040                malloc
 .text.free     0x000130fc        0xa c:/nxp/lpcxpresso_5.2.4_2122/lpcxpresso/tools/bin/../lib/gcc/arm-none-eabi/4.6.2/../../../../arm-none-eabi/lib/armv7-m\libcr_c.a(alloc.o)
                0x000130fc                free
 *fill*         0x00013106        0x2 00
 .text._Csys_alloc
                0x00013108       0x20 c:/nxp/lpcxpresso_5.2.4_2122/lpcxpresso/tools/bin/../lib/gcc/arm-none-eabi/4.6.2/../../../../arm-none-eabi/lib/armv7-m\libcr_c.a(alloc.o)
                0x00013108                _Csys_alloc
 .text.fclose   0x00013128       0x6c c:/nxp/lpcxpresso_5.2.4_2122/lpcxpresso/tools/bin/../lib/gcc/arm-none-eabi/4.6.2/../../../../arm-none-eabi/lib/armv7-m\libcr_c.a(fclose.o)
                0x00013128                fclose
 .text.fflush   0x00013194       0x34 c:/nxp/lpcxpresso_5.2.4_2122/lpcxpresso/tools/bin/../lib/gcc/arm-none-eabi/4.6.2/../../../../arm-none-eabi/lib/armv7-m\libcr_c.a(fflush.o)
                0x00013194                fflush
 .text.fseek    0x000131c8      0x104 c:/nxp/lpcxpresso_5.2.4_2122/lpcxpresso/tools/bin/../lib/gcc/arm-none-eabi/4.6.2/../../../../arm-none-eabi/lib/armv7-m\libcr_c.a(fseek.o)
                0x000131c8                fseek
 .text.ftell    0x000132cc       0x4c c:/nxp/lpcxpresso_5.2.4_2122/lpcxpresso/tools/bin/../lib/gcc/arm-none-eabi/4.6.2/../../../../arm-none-eabi/lib/armv7-m\libcr_c.a(ftell.o)
                0x000132cc                ftell
 .text.remove   0x00013318       0x14 c:/nxp/lpcxpresso_5.2.4_2122/lpcxpresso/tools/bin/../lib/gcc/arm-none-eabi/4.6.2/../../../../arm-none-eabi/lib/armv7-m\libcr_c.a(remove.o)
                0x00013318                remove
 .text.strlen   0x0001332c       0x4c c:/nxp/lpcxpresso_5.2.4_2122/lpcxpresso/tools/bin/../lib/gcc/arm-none-eabi/4.6.2/../../../../arm-none-eabi/lib/armv7-m\libcr_c.a(strlen.o)
                0x0001332c                strlen
 .text._do_fflush
                0x00013378       0x42 c:/nxp/lpcxpresso_5.2.4_2122/lpcxpresso/tools/bin/../lib/gcc/arm-none-eabi/4.6.2/../../../../arm-none-eabi/lib/armv7-m\libcr_c.a(_do_fflush.o)
                0x00013378                _do_fflush
 .text.__aeabi_memcpy
                0x000133ba       0x26 c:/nxp/lpcxpresso_5.2.4_2122/lpcxpresso/tools/bin/../lib/gcc/arm-none-eabi/4.6.2/armv7-m\libcr_eabihelpers.a(memcpy.o)
                0x000133ba                __aeabi_memcpy4
                0x000133ba                __aeabi_memcpy8
                0x000133ba                __aeabi_memcpy
 .text.__aeabi_memset_lowlevel
                0x000133e0       0x24 c:/nxp/lpcxpresso_5.2.4_2122/lpcxpresso/tools/bin/../lib/gcc/arm-none-eabi/4.6.2/armv7-m\libcr_eabihelpers.a(memcpy.o)
                0x000133e0                __aeabi_lowlevel_memset
 .text.__sys_appexit
                0x00013404        0xc c:/nxp/lpcxpresso_5.2.4_2122/lpcxpresso/tools/bin/../lib/gcc/arm-none-eabi/4.6.2/../../../../arm-none-eabi/lib/armv7-m\libcr_semihost.a(__sys_appexit.o)
                0x00013404                __sys_appexit
                0x00013404                __exit
 .text.__sys_close
                0x00013410        0xc c:/nxp/lpcxpresso_5.2.4_2122/lpcxpresso/tools/bin/../lib/gcc/arm-none-eabi/4.6.2/../../../../arm-none-eabi/lib/armv7-m\libcr_semihost.a(__sys_close.o)
                0x00013410                __sys_close
 .text.__sys_flen
                0x0001341c        0xc c:/nxp/lpcxpresso_5.2.4_2122/lpcxpresso/tools/bin/../lib/gcc/arm-none-eabi/4.6.2/../../../../arm-none-eabi/lib/armv7-m\libcr_semihost.a(__sys_flen.o)
                0x0001341c                __sys_flen
 .text.__sys_istty
                0x00013428        0xc c:/nxp/lpcxpresso_5.2.4_2122/lpcxpresso/tools/bin/../lib/gcc/arm-none-eabi/4.6.2/../../../../arm-none-eabi/lib/armv7-m\libcr_semihost.a(__sys_istty.o)
                0x00013428                __sys_istty
 .text.__sys_remove
                0x00013434        0xc c:/nxp/lpcxpresso_5.2.4_2122/lpcxpresso/tools/bin/../lib/gcc/arm-none-eabi/4.6.2/../../../../arm-none-eabi/lib/armv7-m\libcr_semihost.a(__sys_remove.o)
                0x00013434                __sys_remove
 .text.__sys_seek
                0x00013440        0xc c:/nxp/lpcxpresso_5.2.4_2122/lpcxpresso/tools/bin/../lib/gcc/arm-none-eabi/4.6.2/../../../../arm-none-eabi/lib/armv7-m\libcr_semihost.a(__sys_seek.o)
                0x00013440                __sys_seek
 .text.__sys_tmpnam
                0x0001344c        0xc c:/nxp/lpcxpresso_5.2.4_2122/lpcxpresso/tools/bin/../lib/gcc/arm-none-eabi/4.6.2/../../../../arm-none-eabi/lib/armv7-m\libcr_semihost.a(__sys_tmpnam.o)
                0x0001344c                __sys_tmpnam
 .text.__sys_write
                0x00013458        0xc c:/nxp/lpcxpresso_5.2.4_2122/lpcxpresso/tools/bin/../lib/gcc/arm-none-eabi/4.6.2/../../../../arm-none-eabi/lib/armv7-m\libcr_semihost.a(__sys_write.o)
                0x00013458                __sys_write
                0x00013458                __write
 .text._sbrk    0x00013464       0x40 c:/nxp/lpcxpresso_5.2.4_2122/lpcxpresso/tools/bin/../lib/gcc/arm-none-eabi/4.6.2/../../../../arm-none-eabi/lib/armv7-m\libcr_semihost.a(_cr_sbrk.o)
                0x00013464                _sbrk
 .text.__check_heap_overflow
                0x000134a4       0x2c c:/nxp/lpcxpresso_5.2.4_2122/lpcxpresso/tools/bin/../lib/gcc/arm-none-eabi/4.6.2/../../../../arm-none-eabi/lib/armv7-m\libcr_semihost.a(_cr_check_heap.o)
                0x000134a4                __check_heap_overflow
 *(.rodata .rodata.*)
 .rodata.str1.4
                0x000134d0       0x2d ./main.o
                                 0x30 (size before relaxing)
 *fill*         0x000134fd        0x3 00
 .rodata        0x00013500       0x14 C:\nxp\PLeriC_WS\FreeRTOS_Library\Debug\libFreeRTOS_Library.a(tasks.o)
 .rodata.str1.4
                0x00013514        0x8 C:\nxp\PLeriC_WS\FreeRTOS_Library\Debug\libFreeRTOS_Library.a(tasks.o)
 .rodata.str1.1
                0x0001351c        0x4 c:/nxp/lpcxpresso_5.2.4_2122/lpcxpresso/tools/bin/../lib/gcc/arm-none-eabi/4.6.2/../../../../arm-none-eabi/lib/armv7-m\libcr_c.a(initio.o)
 .rodata.str1.1
                0x00013520       0x18 c:/nxp/lpcxpresso_5.2.4_2122/lpcxpresso/tools/bin/../lib/gcc/arm-none-eabi/4.6.2/../../../../arm-none-eabi/lib/armv7-m\libcr_c.a(alloc.o)
                0x00013538                . = ALIGN (0x4)

.glue_7         0x00013538        0x0
 .glue_7        0x00000000        0x0 linker stubs

.glue_7t        0x00013538        0x0
 .glue_7t       0x00000000        0x0 linker stubs

.vfp11_veneer   0x00013538        0x0
 .vfp11_veneer  0x00000000        0x0 linker stubs

.v4_bx          0x00013538        0x0
 .v4_bx         0x00000000        0x0 linker stubs

.ARM.extab
 *(.ARM.extab* .gnu.linkonce.armextab.*)
                0x00013538                __exidx_start = .

.ARM.exidx
 *(.ARM.exidx* .gnu.linkonce.armexidx.*)
                0x00013538                __exidx_end = .
                0x00013538                _etext = .

.data_RAM2      0x2007c000        0x0 load address 0x00013538
 FILL mask 0xff
 *(.data.$RAM2*)
 *(.data.$RamAHB32*)
                0x2007c000                . = ALIGN (0x4)

.uninit_RESERVED
                0x10000000        0x0
 *(.bss.$RESERVED*)
                0x10000000                . = ALIGN (0x4)
                0x10000000                _end_uninit_RESERVED = .

.data           0x10000000        0x8 load address 0x00013538
 FILL mask 0xff
                0x10000000                _data = .
 *(vtable)
 *(.data*)
 .data          0x10000000        0x4 C:\nxp\PLeriC_WS\Lib_CMSIS\Debug\libLib_CMSIS.a(system_LPC17xx.o)
                0x10000000                SystemCoreClock
 .data          0x10000004        0x4 C:\nxp\PLeriC_WS\FreeRTOS_Library\Debug\libFreeRTOS_Library.a(port.o)
                0x10000008                . = ALIGN (0x4)
                0x10000008                _edata = .

.bss_RAM2       0x2007c000        0x0
 *(.bss.$RAM2*)
 *(.bss.$RamAHB32*)
                0x2007c000                . = ALIGN (0x4)

.bss            0x10000008     0x32dc
                0x10000008                _bss = .
 *(.bss*)
 .bss.MAIN_PROG_BOOL_VAR.15562
                0x10000008       0x58 C:\nxp\PLeriC_WS\PLeriC\Debug\libPLeriC.a(PLC_UserTasks.o)
 .bss           0x10000060      0x100 C:\nxp\PLeriC_WS\FreeRTOS_Library\Debug\libFreeRTOS_Library.a(tasks.o)
                0x10000064                pxCurrentTCB
 .bss           0x10000160     0x2820 C:\nxp\PLeriC_WS\FreeRTOS_Library\Debug\libFreeRTOS_Library.a(heap_2.o)
 .bss.errno     0x10002980        0x4 c:/nxp/lpcxpresso_5.2.4_2122/lpcxpresso/tools/bin/../lib/gcc/arm-none-eabi/4.6.2/../../../../arm-none-eabi/lib/armv7-m\libcr_c.a(errno.o)
                0x10002980                errno
 *(COMMON)
 *fill*         0x10002984        0x4 00
 COMMON         0x10002988      0x408 ./main.o
                0x10002988                CR
 COMMON         0x10002d90      0x407 C:\nxp\PLeriC_WS\PLeriC\Debug\libPLeriC.a(PLC_UserTasks.o)
                0x10002d90                M0
                0x10003190                Q0
                0x10003194                I0
                0x10003195                salidas
                0x10003196                entradas
 *fill*         0x10003197        0x1 00
 COMMON         0x10003198        0x4 c:/nxp/lpcxpresso_5.2.4_2122/lpcxpresso/tools/bin/../lib/gcc/arm-none-eabi/4.6.2/../../../../arm-none-eabi/lib/armv7-m\libcr_c.a(initio.o)
                0x10003198                _extra
 COMMON         0x1000319c      0x140 c:/nxp/lpcxpresso_5.2.4_2122/lpcxpresso/tools/bin/../lib/gcc/arm-none-eabi/4.6.2/../../../../arm-none-eabi/lib/armv7-m\libcr_c.a(stdio.o)
                0x1000319c                __Ciob
 COMMON         0x100032dc        0x8 c:/nxp/lpcxpresso_5.2.4_2122/lpcxpresso/tools/bin/../lib/gcc/arm-none-eabi/4.6.2/../../../../arm-none-eabi/lib/armv7-m\libcr_c.a(__init_alloc.o)
                0x100032dc                __heaps
                0x100032e0                __end_of_heap
                0x100032e4                . = ALIGN (0x4)
                0x100032e4                _ebss = .
                0x100032e4                PROVIDE (end, .)

.noinit_RAM2    0x2007c000        0x0
 *(.noinit.$RAM2*)
 *(.noinit.$RamAHB32*)
                0x2007c000                . = ALIGN (0x4)

.noinit         0x100032e4        0x0
                0x100032e4                _noinit = .
 *(.noinit*)
                0x100032e4                . = ALIGN (0x4)
                0x100032e4                _end_noinit = .
                0x100032e4                PROVIDE (_pvHeapStart, .)
                0x10008000                PROVIDE (_vStackTop, (__top_RamLoc32 - 0x0))
OUTPUT(PLeriC_Project.axf elf32-littlearm)

.debug_info     0x00000000    0x366b1
 .debug_info    0x00000000      0x204 ./cr_startup_lpc17.o
 .debug_info    0x00000204      0xe41 ./main.o
 .debug_info    0x00001045      0xdfa C:\nxp\PLeriC_WS\PLeriC\Debug\libPLeriC.a(PLC_Hardware.o)
 .debug_info    0x00001e3f    0x2dc5b C:\nxp\PLeriC_WS\PLeriC\Debug\libPLeriC.a(PLC_UserTasks.o)
 .debug_info    0x0002fa9a      0xedd C:\nxp\PLeriC_WS\PLeriC\Debug\libPLeriC.a(PLC_Registers.o)
 .debug_info    0x00030977     0x1059 C:\nxp\PLeriC_WS\PLeriC\Debug\libPLeriC.a(PLC_UserPrograms.o)
 .debug_info    0x000319d0     0x144a C:\nxp\PLeriC_WS\PLeriC\Debug\libPLeriC.a(PLC_IL_Instructions.o)
 .debug_info    0x00032e1a      0xf46 C:\nxp\PLeriC_WS\PLeriC\Debug\libPLeriC.a(PLC_StdFunctionBlocks.o)
 .debug_info    0x00033d60      0xe1e C:\nxp\PLeriC_WS\Lib_CMSIS\Debug\libLib_CMSIS.a(lpc17xx_gpio.o)
 .debug_info    0x00034b7e      0x4fd C:\nxp\PLeriC_WS\Lib_CMSIS\Debug\libLib_CMSIS.a(system_LPC17xx.o)
 .debug_info    0x0003507b      0x21f C:\nxp\PLeriC_WS\FreeRTOS_Library\Debug\libFreeRTOS_Library.a(port.o)
 .debug_info    0x0003529a      0xe63 C:\nxp\PLeriC_WS\FreeRTOS_Library\Debug\libFreeRTOS_Library.a(tasks.o)
 .debug_info    0x000360fd      0x2ef C:\nxp\PLeriC_WS\FreeRTOS_Library\Debug\libFreeRTOS_Library.a(heap_2.o)
 .debug_info    0x000363ec      0x2c5 C:\nxp\PLeriC_WS\FreeRTOS_Library\Debug\libFreeRTOS_Library.a(list.o)

.debug_abbrev   0x00000000     0x1551
 .debug_abbrev  0x00000000       0xc1 ./cr_startup_lpc17.o
 .debug_abbrev  0x000000c1      0x1a1 ./main.o
 .debug_abbrev  0x00000262      0x18f C:\nxp\PLeriC_WS\PLeriC\Debug\libPLeriC.a(PLC_Hardware.o)
 .debug_abbrev  0x000003f1      0x1f6 C:\nxp\PLeriC_WS\PLeriC\Debug\libPLeriC.a(PLC_UserTasks.o)
 .debug_abbrev  0x000005e7      0x185 C:\nxp\PLeriC_WS\PLeriC\Debug\libPLeriC.a(PLC_Registers.o)
 .debug_abbrev  0x0000076c      0x188 C:\nxp\PLeriC_WS\PLeriC\Debug\libPLeriC.a(PLC_UserPrograms.o)
 .debug_abbrev  0x000008f4      0x1d1 C:\nxp\PLeriC_WS\PLeriC\Debug\libPLeriC.a(PLC_IL_Instructions.o)
 .debug_abbrev  0x00000ac5      0x180 C:\nxp\PLeriC_WS\PLeriC\Debug\libPLeriC.a(PLC_StdFunctionBlocks.o)
 .debug_abbrev  0x00000c45      0x1c9 C:\nxp\PLeriC_WS\Lib_CMSIS\Debug\libLib_CMSIS.a(lpc17xx_gpio.o)
 .debug_abbrev  0x00000e0e       0xd9 C:\nxp\PLeriC_WS\Lib_CMSIS\Debug\libLib_CMSIS.a(system_LPC17xx.o)
 .debug_abbrev  0x00000ee7      0x141 C:\nxp\PLeriC_WS\FreeRTOS_Library\Debug\libFreeRTOS_Library.a(port.o)
 .debug_abbrev  0x00001028      0x2b1 C:\nxp\PLeriC_WS\FreeRTOS_Library\Debug\libFreeRTOS_Library.a(tasks.o)
 .debug_abbrev  0x000012d9      0x19e C:\nxp\PLeriC_WS\FreeRTOS_Library\Debug\libFreeRTOS_Library.a(heap_2.o)
 .debug_abbrev  0x00001477       0xda C:\nxp\PLeriC_WS\FreeRTOS_Library\Debug\libFreeRTOS_Library.a(list.o)

.debug_loc      0x00000000     0x1b46
 .debug_loc     0x00000000       0x33 ./cr_startup_lpc17.o
 .debug_loc     0x00000033       0x2c ./main.o
 .debug_loc     0x0000005f       0x9c C:\nxp\PLeriC_WS\PLeriC\Debug\libPLeriC.a(PLC_Hardware.o)
 .debug_loc     0x000000fb       0x70 C:\nxp\PLeriC_WS\PLeriC\Debug\libPLeriC.a(PLC_UserTasks.o)
 .debug_loc     0x0000016b       0x70 C:\nxp\PLeriC_WS\PLeriC\Debug\libPLeriC.a(PLC_Registers.o)
 .debug_loc     0x000001db       0x38 C:\nxp\PLeriC_WS\PLeriC\Debug\libPLeriC.a(PLC_UserPrograms.o)
 .debug_loc     0x00000213      0x4d0 C:\nxp\PLeriC_WS\PLeriC\Debug\libPLeriC.a(PLC_IL_Instructions.o)
 .debug_loc     0x000006e3       0xa8 C:\nxp\PLeriC_WS\PLeriC\Debug\libPLeriC.a(PLC_StdFunctionBlocks.o)
 .debug_loc     0x0000078b      0x620 C:\nxp\PLeriC_WS\Lib_CMSIS\Debug\libLib_CMSIS.a(lpc17xx_gpio.o)
 .debug_loc     0x00000dab       0x58 C:\nxp\PLeriC_WS\Lib_CMSIS\Debug\libLib_CMSIS.a(system_LPC17xx.o)
 .debug_loc     0x00000e03       0x94 C:\nxp\PLeriC_WS\FreeRTOS_Library\Debug\libFreeRTOS_Library.a(port.o)
 .debug_loc     0x00000e97      0xa70 C:\nxp\PLeriC_WS\FreeRTOS_Library\Debug\libFreeRTOS_Library.a(tasks.o)
 .debug_loc     0x00001907      0x1f5 C:\nxp\PLeriC_WS\FreeRTOS_Library\Debug\libFreeRTOS_Library.a(heap_2.o)
 .debug_loc     0x00001afc       0x4a C:\nxp\PLeriC_WS\FreeRTOS_Library\Debug\libFreeRTOS_Library.a(list.o)

.debug_aranges  0x00000000      0x308
 .debug_aranges
                0x00000000       0x70 ./cr_startup_lpc17.o
 .debug_aranges
                0x00000070       0x40 ./main.o
 .debug_aranges
                0x000000b0       0x30 C:\nxp\PLeriC_WS\PLeriC\Debug\libPLeriC.a(PLC_Hardware.o)
 .debug_aranges
                0x000000e0       0x28 C:\nxp\PLeriC_WS\PLeriC\Debug\libPLeriC.a(PLC_UserTasks.o)
 .debug_aranges
                0x00000108       0x28 C:\nxp\PLeriC_WS\PLeriC\Debug\libPLeriC.a(PLC_Registers.o)
 .debug_aranges
                0x00000130       0x20 C:\nxp\PLeriC_WS\PLeriC\Debug\libPLeriC.a(PLC_UserPrograms.o)
 .debug_aranges
                0x00000150       0xc8 C:\nxp\PLeriC_WS\PLeriC\Debug\libPLeriC.a(PLC_IL_Instructions.o)
 .debug_aranges
                0x00000218       0x30 C:\nxp\PLeriC_WS\PLeriC\Debug\libPLeriC.a(PLC_StdFunctionBlocks.o)
 .debug_aranges
                0x00000248       0x20 C:\nxp\PLeriC_WS\Lib_CMSIS\Debug\libLib_CMSIS.a(lpc17xx_gpio.o)
 .debug_aranges
                0x00000268       0x20 C:\nxp\PLeriC_WS\Lib_CMSIS\Debug\libLib_CMSIS.a(system_LPC17xx.o)
 .debug_aranges
                0x00000288       0x20 C:\nxp\PLeriC_WS\FreeRTOS_Library\Debug\libFreeRTOS_Library.a(port.o)
 .debug_aranges
                0x000002a8       0x20 C:\nxp\PLeriC_WS\FreeRTOS_Library\Debug\libFreeRTOS_Library.a(tasks.o)
 .debug_aranges
                0x000002c8       0x20 C:\nxp\PLeriC_WS\FreeRTOS_Library\Debug\libFreeRTOS_Library.a(heap_2.o)
 .debug_aranges
                0x000002e8       0x20 C:\nxp\PLeriC_WS\FreeRTOS_Library\Debug\libFreeRTOS_Library.a(list.o)

.debug_ranges   0x00000000      0x240
 .debug_ranges  0x00000000       0x60 ./cr_startup_lpc17.o
 .debug_ranges  0x00000060       0x30 ./main.o
 .debug_ranges  0x00000090       0x20 C:\nxp\PLeriC_WS\PLeriC\Debug\libPLeriC.a(PLC_Hardware.o)
 .debug_ranges  0x000000b0       0x18 C:\nxp\PLeriC_WS\PLeriC\Debug\libPLeriC.a(PLC_UserTasks.o)
 .debug_ranges  0x000000c8       0x18 C:\nxp\PLeriC_WS\PLeriC\Debug\libPLeriC.a(PLC_Registers.o)
 .debug_ranges  0x000000e0       0x10 C:\nxp\PLeriC_WS\PLeriC\Debug\libPLeriC.a(PLC_UserPrograms.o)
 .debug_ranges  0x000000f0       0xb8 C:\nxp\PLeriC_WS\PLeriC\Debug\libPLeriC.a(PLC_IL_Instructions.o)
 .debug_ranges  0x000001a8       0x20 C:\nxp\PLeriC_WS\PLeriC\Debug\libPLeriC.a(PLC_StdFunctionBlocks.o)
 .debug_ranges  0x000001c8       0x78 C:\nxp\PLeriC_WS\FreeRTOS_Library\Debug\libFreeRTOS_Library.a(tasks.o)

.debug_line     0x00000000     0x60b3
 .debug_line    0x00000000      0x410 ./cr_startup_lpc17.o
 .debug_line    0x00000410      0x751 ./main.o
 .debug_line    0x00000b61      0x776 C:\nxp\PLeriC_WS\PLeriC\Debug\libPLeriC.a(PLC_Hardware.o)
 .debug_line    0x000012d7      0x7b7 C:\nxp\PLeriC_WS\PLeriC\Debug\libPLeriC.a(PLC_UserTasks.o)
 .debug_line    0x00001a8e      0x754 C:\nxp\PLeriC_WS\PLeriC\Debug\libPLeriC.a(PLC_Registers.o)
 .debug_line    0x000021e2      0x735 C:\nxp\PLeriC_WS\PLeriC\Debug\libPLeriC.a(PLC_UserPrograms.o)
 .debug_line    0x00002917     0x10eb C:\nxp\PLeriC_WS\PLeriC\Debug\libPLeriC.a(PLC_IL_Instructions.o)
 .debug_line    0x00003a02      0x787 C:\nxp\PLeriC_WS\PLeriC\Debug\libPLeriC.a(PLC_StdFunctionBlocks.o)
 .debug_line    0x00004189      0x571 C:\nxp\PLeriC_WS\Lib_CMSIS\Debug\libLib_CMSIS.a(lpc17xx_gpio.o)
 .debug_line    0x000046fa      0x40b C:\nxp\PLeriC_WS\Lib_CMSIS\Debug\libLib_CMSIS.a(system_LPC17xx.o)
 .debug_line    0x00004b05      0x498 C:\nxp\PLeriC_WS\FreeRTOS_Library\Debug\libFreeRTOS_Library.a(port.o)
 .debug_line    0x00004f9d      0x7a8 C:\nxp\PLeriC_WS\FreeRTOS_Library\Debug\libFreeRTOS_Library.a(tasks.o)
 .debug_line    0x00005745      0x4d4 C:\nxp\PLeriC_WS\FreeRTOS_Library\Debug\libFreeRTOS_Library.a(heap_2.o)
 .debug_line    0x00005c19      0x49a C:\nxp\PLeriC_WS\FreeRTOS_Library\Debug\libFreeRTOS_Library.a(list.o)

.debug_macinfo  0x00000000    0x86c74
 .debug_macinfo
                0x00000000     0x3d19 ./cr_startup_lpc17.o
 .debug_macinfo
                0x00003d19     0xaa05 ./main.o
 .debug_macinfo
                0x0000e71e     0xaa1c C:\nxp\PLeriC_WS\PLeriC\Debug\libPLeriC.a(PLC_Hardware.o)
 .debug_macinfo
                0x0001913a     0xaa1c C:\nxp\PLeriC_WS\PLeriC\Debug\libPLeriC.a(PLC_UserTasks.o)
 .debug_macinfo
                0x00023b56     0xaa1c C:\nxp\PLeriC_WS\PLeriC\Debug\libPLeriC.a(PLC_Registers.o)
 .debug_macinfo
                0x0002e572     0xaa1c C:\nxp\PLeriC_WS\PLeriC\Debug\libPLeriC.a(PLC_UserPrograms.o)
 .debug_macinfo
                0x00038f8e     0xaa1c C:\nxp\PLeriC_WS\PLeriC\Debug\libPLeriC.a(PLC_IL_Instructions.o)
 .debug_macinfo
                0x000439aa     0xaa1c C:\nxp\PLeriC_WS\PLeriC\Debug\libPLeriC.a(PLC_StdFunctionBlocks.o)
 .debug_macinfo
                0x0004e3c6     0x8715 C:\nxp\PLeriC_WS\Lib_CMSIS\Debug\libLib_CMSIS.a(lpc17xx_gpio.o)
 .debug_macinfo
                0x00056adb     0x8451 C:\nxp\PLeriC_WS\Lib_CMSIS\Debug\libLib_CMSIS.a(system_LPC17xx.o)
 .debug_macinfo
                0x0005ef2c     0x9dba C:\nxp\PLeriC_WS\FreeRTOS_Library\Debug\libFreeRTOS_Library.a(port.o)
 .debug_macinfo
                0x00068ce6     0xa76e C:\nxp\PLeriC_WS\FreeRTOS_Library\Debug\libFreeRTOS_Library.a(tasks.o)
 .debug_macinfo
                0x00073454     0x9f7d C:\nxp\PLeriC_WS\FreeRTOS_Library\Debug\libFreeRTOS_Library.a(heap_2.o)
 .debug_macinfo
                0x0007d3d1     0x98a3 C:\nxp\PLeriC_WS\FreeRTOS_Library\Debug\libFreeRTOS_Library.a(list.o)

.debug_str      0x00000000     0xf14e
 .debug_str     0x00000000      0x1bf ./cr_startup_lpc17.o
                                0x1f3 (size before relaxing)
 .debug_str     0x000001bf      0x310 ./main.o
                                0x4a6 (size before relaxing)
 .debug_str     0x000004cf       0x62 C:\nxp\PLeriC_WS\PLeriC\Debug\libPLeriC.a(PLC_Hardware.o)
                                0x44b (size before relaxing)
 .debug_str     0x00000531     0xd917 C:\nxp\PLeriC_WS\PLeriC\Debug\libPLeriC.a(PLC_UserTasks.o)
                               0xdd80 (size before relaxing)
 .debug_str     0x0000de48       0x64 C:\nxp\PLeriC_WS\PLeriC\Debug\libPLeriC.a(PLC_Registers.o)
                                0x4ac (size before relaxing)
 .debug_str     0x0000deac       0x55 C:\nxp\PLeriC_WS\PLeriC\Debug\libPLeriC.a(PLC_UserPrograms.o)
                                0x550 (size before relaxing)
 .debug_str     0x0000df01      0x170 C:\nxp\PLeriC_WS\PLeriC\Debug\libPLeriC.a(PLC_IL_Instructions.o)
                                0x592 (size before relaxing)
 .debug_str     0x0000e071       0x57 C:\nxp\PLeriC_WS\PLeriC\Debug\libPLeriC.a(PLC_StdFunctionBlocks.o)
                                0x4fa (size before relaxing)
 .debug_str     0x0000e0c8      0x47f C:\nxp\PLeriC_WS\Lib_CMSIS\Debug\libLib_CMSIS.a(lpc17xx_gpio.o)
                                0x577 (size before relaxing)
 .debug_str     0x0000e547      0x1f6 C:\nxp\PLeriC_WS\Lib_CMSIS\Debug\libLib_CMSIS.a(system_LPC17xx.o)
                                0x307 (size before relaxing)
 .debug_str     0x0000e73d      0x161 C:\nxp\PLeriC_WS\FreeRTOS_Library\Debug\libFreeRTOS_Library.a(port.o)
                                0x25c (size before relaxing)
 .debug_str     0x0000e89e      0x6ce C:\nxp\PLeriC_WS\FreeRTOS_Library\Debug\libFreeRTOS_Library.a(tasks.o)
                                0x897 (size before relaxing)
 .debug_str     0x0000ef6c      0x150 C:\nxp\PLeriC_WS\FreeRTOS_Library\Debug\libFreeRTOS_Library.a(heap_2.o)
                                0x283 (size before relaxing)
 .debug_str     0x0000f0bc       0x92 C:\nxp\PLeriC_WS\FreeRTOS_Library\Debug\libFreeRTOS_Library.a(list.o)
                                0x24a (size before relaxing)

.comment        0x00000000       0xe0
 .comment       0x00000000       0x70 ./cr_startup_lpc17.o
                                 0x71 (size before relaxing)
 .comment       0x00000000       0x71 ./main.o
 .comment       0x00000000       0x71 C:\nxp\PLeriC_WS\PLeriC\Debug\libPLeriC.a(PLC_Hardware.o)
 .comment       0x00000000       0x71 C:\nxp\PLeriC_WS\PLeriC\Debug\libPLeriC.a(PLC_UserTasks.o)
 .comment       0x00000000       0x71 C:\nxp\PLeriC_WS\PLeriC\Debug\libPLeriC.a(PLC_Registers.o)
 .comment       0x00000000       0x71 C:\nxp\PLeriC_WS\PLeriC\Debug\libPLeriC.a(PLC_UserPrograms.o)
 .comment       0x00000000       0x71 C:\nxp\PLeriC_WS\PLeriC\Debug\libPLeriC.a(PLC_IL_Instructions.o)
 .comment       0x00000000       0x71 C:\nxp\PLeriC_WS\PLeriC\Debug\libPLeriC.a(PLC_StdFunctionBlocks.o)
 .comment       0x00000000       0x71 C:\nxp\PLeriC_WS\Lib_CMSIS\Debug\libLib_CMSIS.a(lpc17xx_gpio.o)
 .comment       0x00000000       0x71 C:\nxp\PLeriC_WS\Lib_CMSIS\Debug\libLib_CMSIS.a(system_LPC17xx.o)
 .comment       0x00000000       0x71 C:\nxp\PLeriC_WS\FreeRTOS_Library\Debug\libFreeRTOS_Library.a(port.o)
 .comment       0x00000000       0x71 C:\nxp\PLeriC_WS\FreeRTOS_Library\Debug\libFreeRTOS_Library.a(tasks.o)
 .comment       0x00000000       0x71 C:\nxp\PLeriC_WS\FreeRTOS_Library\Debug\libFreeRTOS_Library.a(heap_2.o)
 .comment       0x00000000       0x71 C:\nxp\PLeriC_WS\FreeRTOS_Library\Debug\libFreeRTOS_Library.a(list.o)
 .comment       0x00000070       0x70 c:/nxp/lpcxpresso_5.2.4_2122/lpcxpresso/tools/bin/../lib/gcc/arm-none-eabi/4.6.2/../../../../arm-none-eabi/lib/armv7-m\libcr_semihost.a(_cr__main.o)
                                 0x71 (size before relaxing)
 .comment       0x00000000       0x71 c:/nxp/lpcxpresso_5.2.4_2122/lpcxpresso/tools/bin/../lib/gcc/arm-none-eabi/4.6.2/../../../../arm-none-eabi/lib/armv7-m\libcr_c.a(memcpy.o)
 .comment       0x00000000       0x71 c:/nxp/lpcxpresso_5.2.4_2122/lpcxpresso/tools/bin/../lib/gcc/arm-none-eabi/4.6.2/../../../../arm-none-eabi/lib/armv7-m\libcr_c.a(memset.o)
 .comment       0x00000000       0x71 c:/nxp/lpcxpresso_5.2.4_2122/lpcxpresso/tools/bin/../lib/gcc/arm-none-eabi/4.6.2/../../../../arm-none-eabi/lib/armv7-m\libcr_c.a(initio.o)
 .comment       0x00000000       0x71 c:/nxp/lpcxpresso_5.2.4_2122/lpcxpresso/tools/bin/../lib/gcc/arm-none-eabi/4.6.2/../../../../arm-none-eabi/lib/armv7-m\libcr_c.a(memcmp.o)
 .comment       0x00000000       0x71 c:/nxp/lpcxpresso_5.2.4_2122/lpcxpresso/tools/bin/../lib/gcc/arm-none-eabi/4.6.2/../../../../arm-none-eabi/lib/armv7-m\libcr_c.a(setvbuf.o)
 .comment       0x00000000       0x71 c:/nxp/lpcxpresso_5.2.4_2122/lpcxpresso/tools/bin/../lib/gcc/arm-none-eabi/4.6.2/../../../../arm-none-eabi/lib/armv7-m\libcr_c.a(stdio.o)
 .comment       0x00000000       0x71 c:/nxp/lpcxpresso_5.2.4_2122/lpcxpresso/tools/bin/../lib/gcc/arm-none-eabi/4.6.2/../../../../arm-none-eabi/lib/armv7-m\libcr_c.a(strncpy.o)
 .comment       0x00000000       0x71 c:/nxp/lpcxpresso_5.2.4_2122/lpcxpresso/tools/bin/../lib/gcc/arm-none-eabi/4.6.2/../../../../arm-none-eabi/lib/armv7-m\libcr_c.a(__fillbuf.o)
 .comment       0x00000000       0x71 c:/nxp/lpcxpresso_5.2.4_2122/lpcxpresso/tools/bin/../lib/gcc/arm-none-eabi/4.6.2/../../../../arm-none-eabi/lib/armv7-m\libcr_c.a(_deferredlazyseek.o)
 .comment       0x00000000       0x71 c:/nxp/lpcxpresso_5.2.4_2122/lpcxpresso/tools/bin/../lib/gcc/arm-none-eabi/4.6.2/../../../../arm-none-eabi/lib/armv7-m\libcr_c.a(_fdopen.o)
 .comment       0x00000000       0x71 c:/nxp/lpcxpresso_5.2.4_2122/lpcxpresso/tools/bin/../lib/gcc/arm-none-eabi/4.6.2/../../../../arm-none-eabi/lib/armv7-m\libcr_c.a(_fflush.o)
 .comment       0x00000000       0x71 c:/nxp/lpcxpresso_5.2.4_2122/lpcxpresso/tools/bin/../lib/gcc/arm-none-eabi/4.6.2/../../../../arm-none-eabi/lib/armv7-m\libcr_c.a(_writebuf.o)
 .comment       0x00000000       0x71 c:/nxp/lpcxpresso_5.2.4_2122/lpcxpresso/tools/bin/../lib/gcc/arm-none-eabi/4.6.2/../../../../arm-none-eabi/lib/armv7-m\libcr_c.a(alloc.o)
 .comment       0x00000000       0x71 c:/nxp/lpcxpresso_5.2.4_2122/lpcxpresso/tools/bin/../lib/gcc/arm-none-eabi/4.6.2/../../../../arm-none-eabi/lib/armv7-m\libcr_c.a(fclose.o)
 .comment       0x00000000       0x71 c:/nxp/lpcxpresso_5.2.4_2122/lpcxpresso/tools/bin/../lib/gcc/arm-none-eabi/4.6.2/../../../../arm-none-eabi/lib/armv7-m\libcr_c.a(fflush.o)
 .comment       0x00000000       0x71 c:/nxp/lpcxpresso_5.2.4_2122/lpcxpresso/tools/bin/../lib/gcc/arm-none-eabi/4.6.2/../../../../arm-none-eabi/lib/armv7-m\libcr_c.a(fseek.o)
 .comment       0x00000000       0x71 c:/nxp/lpcxpresso_5.2.4_2122/lpcxpresso/tools/bin/../lib/gcc/arm-none-eabi/4.6.2/../../../../arm-none-eabi/lib/armv7-m\libcr_c.a(ftell.o)
 .comment       0x00000000       0x71 c:/nxp/lpcxpresso_5.2.4_2122/lpcxpresso/tools/bin/../lib/gcc/arm-none-eabi/4.6.2/../../../../arm-none-eabi/lib/armv7-m\libcr_c.a(remove.o)
 .comment       0x00000000       0x71 c:/nxp/lpcxpresso_5.2.4_2122/lpcxpresso/tools/bin/../lib/gcc/arm-none-eabi/4.6.2/../../../../arm-none-eabi/lib/armv7-m\libcr_c.a(strlen.o)
 .comment       0x00000000       0x71 c:/nxp/lpcxpresso_5.2.4_2122/lpcxpresso/tools/bin/../lib/gcc/arm-none-eabi/4.6.2/../../../../arm-none-eabi/lib/armv7-m\libcr_c.a(__init_alloc.o)
 .comment       0x00000000       0x71 c:/nxp/lpcxpresso_5.2.4_2122/lpcxpresso/tools/bin/../lib/gcc/arm-none-eabi/4.6.2/../../../../arm-none-eabi/lib/armv7-m\libcr_c.a(_do_fflush.o)
 .comment       0x00000000       0x71 c:/nxp/lpcxpresso_5.2.4_2122/lpcxpresso/tools/bin/../lib/gcc/arm-none-eabi/4.6.2/../../../../arm-none-eabi/lib/armv7-m\libcr_c.a(errno.o)
 .comment       0x00000000       0x71 c:/nxp/lpcxpresso_5.2.4_2122/lpcxpresso/tools/bin/../lib/gcc/arm-none-eabi/4.6.2/armv7-m\libcr_eabihelpers.a(double.o)
 .comment       0x00000000       0x71 c:/nxp/lpcxpresso_5.2.4_2122/lpcxpresso/tools/bin/../lib/gcc/arm-none-eabi/4.6.2/armv7-m\libcr_eabihelpers.a(float.o)
 .comment       0x00000000       0x71 c:/nxp/lpcxpresso_5.2.4_2122/lpcxpresso/tools/bin/../lib/gcc/arm-none-eabi/4.6.2/../../../../arm-none-eabi/lib/armv7-m\libcr_semihost.a(_cr_sbrk.o)
 .comment       0x00000000       0x71 c:/nxp/lpcxpresso_5.2.4_2122/lpcxpresso/tools/bin/../lib/gcc/arm-none-eabi/4.6.2/../../../../arm-none-eabi/lib/armv7-m\libcr_semihost.a(_cr_check_heap.o)

.ARM.attributes
                0x00000000       0x31
 .ARM.attributes
                0x00000000       0x33 ./cr_startup_lpc17.o
 .ARM.attributes
                0x00000033       0x33 ./main.o
 .ARM.attributes
                0x00000066       0x33 C:\nxp\PLeriC_WS\PLeriC\Debug\libPLeriC.a(PLC_Hardware.o)
 .ARM.attributes
                0x00000099       0x33 C:\nxp\PLeriC_WS\PLeriC\Debug\libPLeriC.a(PLC_UserTasks.o)
 .ARM.attributes
                0x000000cc       0x33 C:\nxp\PLeriC_WS\PLeriC\Debug\libPLeriC.a(PLC_Registers.o)
 .ARM.attributes
                0x000000ff       0x33 C:\nxp\PLeriC_WS\PLeriC\Debug\libPLeriC.a(PLC_UserPrograms.o)
 .ARM.attributes
                0x00000132       0x33 C:\nxp\PLeriC_WS\PLeriC\Debug\libPLeriC.a(PLC_IL_Instructions.o)
 .ARM.attributes
                0x00000165       0x33 C:\nxp\PLeriC_WS\PLeriC\Debug\libPLeriC.a(PLC_StdFunctionBlocks.o)
 .ARM.attributes
                0x00000198       0x33 C:\nxp\PLeriC_WS\Lib_CMSIS\Debug\libLib_CMSIS.a(lpc17xx_gpio.o)
 .ARM.attributes
                0x000001cb       0x33 C:\nxp\PLeriC_WS\Lib_CMSIS\Debug\libLib_CMSIS.a(system_LPC17xx.o)
 .ARM.attributes
                0x000001fe       0x33 C:\nxp\PLeriC_WS\FreeRTOS_Library\Debug\libFreeRTOS_Library.a(port.o)
 .ARM.attributes
                0x00000231       0x33 C:\nxp\PLeriC_WS\FreeRTOS_Library\Debug\libFreeRTOS_Library.a(tasks.o)
 .ARM.attributes
                0x00000264       0x33 C:\nxp\PLeriC_WS\FreeRTOS_Library\Debug\libFreeRTOS_Library.a(heap_2.o)
 .ARM.attributes
                0x00000297       0x33 C:\nxp\PLeriC_WS\FreeRTOS_Library\Debug\libFreeRTOS_Library.a(list.o)
 .ARM.attributes
                0x000002ca       0x33 c:/nxp/lpcxpresso_5.2.4_2122/lpcxpresso/tools/bin/../lib/gcc/arm-none-eabi/4.6.2/../../../../arm-none-eabi/lib/armv7-m\libcr_semihost.a(_cr__main.o)
 .ARM.attributes
                0x000002fd       0x33 c:/nxp/lpcxpresso_5.2.4_2122/lpcxpresso/tools/bin/../lib/gcc/arm-none-eabi/4.6.2/../../../../arm-none-eabi/lib/armv7-m\libcr_c.a(memcpy.o)
 .ARM.attributes
                0x00000330       0x33 c:/nxp/lpcxpresso_5.2.4_2122/lpcxpresso/tools/bin/../lib/gcc/arm-none-eabi/4.6.2/../../../../arm-none-eabi/lib/armv7-m\libcr_c.a(memset.o)
 .ARM.attributes
                0x00000363       0x33 c:/nxp/lpcxpresso_5.2.4_2122/lpcxpresso/tools/bin/../lib/gcc/arm-none-eabi/4.6.2/../../../../arm-none-eabi/lib/armv7-m\libcr_c.a(initio.o)
 .ARM.attributes
                0x00000396       0x33 c:/nxp/lpcxpresso_5.2.4_2122/lpcxpresso/tools/bin/../lib/gcc/arm-none-eabi/4.6.2/../../../../arm-none-eabi/lib/armv7-m\libcr_c.a(memcmp.o)
 .ARM.attributes
                0x000003c9       0x33 c:/nxp/lpcxpresso_5.2.4_2122/lpcxpresso/tools/bin/../lib/gcc/arm-none-eabi/4.6.2/../../../../arm-none-eabi/lib/armv7-m\libcr_c.a(setvbuf.o)
 .ARM.attributes
                0x000003fc       0x33 c:/nxp/lpcxpresso_5.2.4_2122/lpcxpresso/tools/bin/../lib/gcc/arm-none-eabi/4.6.2/../../../../arm-none-eabi/lib/armv7-m\libcr_c.a(stdio.o)
 .ARM.attributes
                0x0000042f       0x33 c:/nxp/lpcxpresso_5.2.4_2122/lpcxpresso/tools/bin/../lib/gcc/arm-none-eabi/4.6.2/../../../../arm-none-eabi/lib/armv7-m\libcr_c.a(strncpy.o)
 .ARM.attributes
                0x00000462       0x33 c:/nxp/lpcxpresso_5.2.4_2122/lpcxpresso/tools/bin/../lib/gcc/arm-none-eabi/4.6.2/../../../../arm-none-eabi/lib/armv7-m\libcr_c.a(__fillbuf.o)
 .ARM.attributes
                0x00000495       0x33 c:/nxp/lpcxpresso_5.2.4_2122/lpcxpresso/tools/bin/../lib/gcc/arm-none-eabi/4.6.2/../../../../arm-none-eabi/lib/armv7-m\libcr_c.a(_deferredlazyseek.o)
 .ARM.attributes
                0x000004c8       0x33 c:/nxp/lpcxpresso_5.2.4_2122/lpcxpresso/tools/bin/../lib/gcc/arm-none-eabi/4.6.2/../../../../arm-none-eabi/lib/armv7-m\libcr_c.a(_fdopen.o)
 .ARM.attributes
                0x000004fb       0x33 c:/nxp/lpcxpresso_5.2.4_2122/lpcxpresso/tools/bin/../lib/gcc/arm-none-eabi/4.6.2/../../../../arm-none-eabi/lib/armv7-m\libcr_c.a(_fflush.o)
 .ARM.attributes
                0x0000052e       0x33 c:/nxp/lpcxpresso_5.2.4_2122/lpcxpresso/tools/bin/../lib/gcc/arm-none-eabi/4.6.2/../../../../arm-none-eabi/lib/armv7-m\libcr_c.a(_writebuf.o)
 .ARM.attributes
                0x00000561       0x33 c:/nxp/lpcxpresso_5.2.4_2122/lpcxpresso/tools/bin/../lib/gcc/arm-none-eabi/4.6.2/../../../../arm-none-eabi/lib/armv7-m\libcr_c.a(alloc.o)
 .ARM.attributes
                0x00000594       0x33 c:/nxp/lpcxpresso_5.2.4_2122/lpcxpresso/tools/bin/../lib/gcc/arm-none-eabi/4.6.2/../../../../arm-none-eabi/lib/armv7-m\libcr_c.a(fclose.o)
 .ARM.attributes
                0x000005c7       0x33 c:/nxp/lpcxpresso_5.2.4_2122/lpcxpresso/tools/bin/../lib/gcc/arm-none-eabi/4.6.2/../../../../arm-none-eabi/lib/armv7-m\libcr_c.a(fflush.o)
 .ARM.attributes
                0x000005fa       0x33 c:/nxp/lpcxpresso_5.2.4_2122/lpcxpresso/tools/bin/../lib/gcc/arm-none-eabi/4.6.2/../../../../arm-none-eabi/lib/armv7-m\libcr_c.a(fseek.o)
 .ARM.attributes
                0x0000062d       0x33 c:/nxp/lpcxpresso_5.2.4_2122/lpcxpresso/tools/bin/../lib/gcc/arm-none-eabi/4.6.2/../../../../arm-none-eabi/lib/armv7-m\libcr_c.a(ftell.o)
 .ARM.attributes
                0x00000660       0x33 c:/nxp/lpcxpresso_5.2.4_2122/lpcxpresso/tools/bin/../lib/gcc/arm-none-eabi/4.6.2/../../../../arm-none-eabi/lib/armv7-m\libcr_c.a(remove.o)
 .ARM.attributes
                0x00000693       0x33 c:/nxp/lpcxpresso_5.2.4_2122/lpcxpresso/tools/bin/../lib/gcc/arm-none-eabi/4.6.2/../../../../arm-none-eabi/lib/armv7-m\libcr_c.a(strlen.o)
 .ARM.attributes
                0x000006c6       0x33 c:/nxp/lpcxpresso_5.2.4_2122/lpcxpresso/tools/bin/../lib/gcc/arm-none-eabi/4.6.2/../../../../arm-none-eabi/lib/armv7-m\libcr_c.a(__init_alloc.o)
 .ARM.attributes
                0x000006f9       0x33 c:/nxp/lpcxpresso_5.2.4_2122/lpcxpresso/tools/bin/../lib/gcc/arm-none-eabi/4.6.2/../../../../arm-none-eabi/lib/armv7-m\libcr_c.a(_do_fflush.o)
 .ARM.attributes
                0x0000072c       0x33 c:/nxp/lpcxpresso_5.2.4_2122/lpcxpresso/tools/bin/../lib/gcc/arm-none-eabi/4.6.2/../../../../arm-none-eabi/lib/armv7-m\libcr_c.a(errno.o)
 .ARM.attributes
                0x0000075f       0x21 c:/nxp/lpcxpresso_5.2.4_2122/lpcxpresso/tools/bin/../lib/gcc/arm-none-eabi/4.6.2/armv7-m\libcr_eabihelpers.a(division.o)
 .ARM.attributes
                0x00000780       0x33 c:/nxp/lpcxpresso_5.2.4_2122/lpcxpresso/tools/bin/../lib/gcc/arm-none-eabi/4.6.2/armv7-m\libcr_eabihelpers.a(double.o)
 .ARM.attributes
                0x000007b3       0x33 c:/nxp/lpcxpresso_5.2.4_2122/lpcxpresso/tools/bin/../lib/gcc/arm-none-eabi/4.6.2/armv7-m\libcr_eabihelpers.a(float.o)
 .ARM.attributes
                0x000007e6       0x21 c:/nxp/lpcxpresso_5.2.4_2122/lpcxpresso/tools/bin/../lib/gcc/arm-none-eabi/4.6.2/armv7-m\libcr_eabihelpers.a(memcpy.o)
 .ARM.attributes
                0x00000807       0x21 c:/nxp/lpcxpresso_5.2.4_2122/lpcxpresso/tools/bin/../lib/gcc/arm-none-eabi/4.6.2/../../../../arm-none-eabi/lib/armv7-m\libcr_semihost.a(__sys_appexit.o)
 .ARM.attributes
                0x00000828       0x21 c:/nxp/lpcxpresso_5.2.4_2122/lpcxpresso/tools/bin/../lib/gcc/arm-none-eabi/4.6.2/../../../../arm-none-eabi/lib/armv7-m\libcr_semihost.a(__sys_close.o)
 .ARM.attributes
                0x00000849       0x21 c:/nxp/lpcxpresso_5.2.4_2122/lpcxpresso/tools/bin/../lib/gcc/arm-none-eabi/4.6.2/../../../../arm-none-eabi/lib/armv7-m\libcr_semihost.a(__sys_flen.o)
 .ARM.attributes
                0x0000086a       0x21 c:/nxp/lpcxpresso_5.2.4_2122/lpcxpresso/tools/bin/../lib/gcc/arm-none-eabi/4.6.2/../../../../arm-none-eabi/lib/armv7-m\libcr_semihost.a(__sys_istty.o)
 .ARM.attributes
                0x0000088b       0x21 c:/nxp/lpcxpresso_5.2.4_2122/lpcxpresso/tools/bin/../lib/gcc/arm-none-eabi/4.6.2/../../../../arm-none-eabi/lib/armv7-m\libcr_semihost.a(__sys_read.o)
 .ARM.attributes
                0x000008ac       0x21 c:/nxp/lpcxpresso_5.2.4_2122/lpcxpresso/tools/bin/../lib/gcc/arm-none-eabi/4.6.2/../../../../arm-none-eabi/lib/armv7-m\libcr_semihost.a(__sys_readc.o)
 .ARM.attributes
                0x000008cd       0x21 c:/nxp/lpcxpresso_5.2.4_2122/lpcxpresso/tools/bin/../lib/gcc/arm-none-eabi/4.6.2/../../../../arm-none-eabi/lib/armv7-m\libcr_semihost.a(__sys_remove.o)
 .ARM.attributes
                0x000008ee       0x21 c:/nxp/lpcxpresso_5.2.4_2122/lpcxpresso/tools/bin/../lib/gcc/arm-none-eabi/4.6.2/../../../../arm-none-eabi/lib/armv7-m\libcr_semihost.a(__sys_rename.o)
 .ARM.attributes
                0x0000090f       0x21 c:/nxp/lpcxpresso_5.2.4_2122/lpcxpresso/tools/bin/../lib/gcc/arm-none-eabi/4.6.2/../../../../arm-none-eabi/lib/armv7-m\libcr_semihost.a(__sys_seek.o)
 .ARM.attributes
                0x00000930       0x21 c:/nxp/lpcxpresso_5.2.4_2122/lpcxpresso/tools/bin/../lib/gcc/arm-none-eabi/4.6.2/../../../../arm-none-eabi/lib/armv7-m\libcr_semihost.a(__sys_tmpnam.o)
 .ARM.attributes
                0x00000951       0x21 c:/nxp/lpcxpresso_5.2.4_2122/lpcxpresso/tools/bin/../lib/gcc/arm-none-eabi/4.6.2/../../../../arm-none-eabi/lib/armv7-m\libcr_semihost.a(__sys_write.o)
 .ARM.attributes
                0x00000972       0x33 c:/nxp/lpcxpresso_5.2.4_2122/lpcxpresso/tools/bin/../lib/gcc/arm-none-eabi/4.6.2/../../../../arm-none-eabi/lib/armv7-m\libcr_semihost.a(_cr_sbrk.o)
 .ARM.attributes
                0x000009a5       0x33 c:/nxp/lpcxpresso_5.2.4_2122/lpcxpresso/tools/bin/../lib/gcc/arm-none-eabi/4.6.2/../../../../arm-none-eabi/lib/armv7-m\libcr_semihost.a(_cr_check_heap.o)

.debug_frame    0x00000000      0xd80
 .debug_frame   0x00000000       0xc8 ./cr_startup_lpc17.o
 .debug_frame   0x000000c8       0x68 ./main.o
 .debug_frame   0x00000130       0x6c C:\nxp\PLeriC_WS\PLeriC\Debug\libPLeriC.a(PLC_Hardware.o)
 .debug_frame   0x0000019c       0x50 C:\nxp\PLeriC_WS\PLeriC\Debug\libPLeriC.a(PLC_UserTasks.o)
 .debug_frame   0x000001ec       0x48 C:\nxp\PLeriC_WS\PLeriC\Debug\libPLeriC.a(PLC_Registers.o)
 .debug_frame   0x00000234       0x30 C:\nxp\PLeriC_WS\PLeriC\Debug\libPLeriC.a(PLC_UserPrograms.o)
 .debug_frame   0x00000264      0x2ac C:\nxp\PLeriC_WS\PLeriC\Debug\libPLeriC.a(PLC_IL_Instructions.o)
 .debug_frame   0x00000510       0x6c C:\nxp\PLeriC_WS\PLeriC\Debug\libPLeriC.a(PLC_StdFunctionBlocks.o)
 .debug_frame   0x0000057c      0x378 C:\nxp\PLeriC_WS\Lib_CMSIS\Debug\libLib_CMSIS.a(lpc17xx_gpio.o)
 .debug_frame   0x000008f4       0x40 C:\nxp\PLeriC_WS\Lib_CMSIS\Debug\libLib_CMSIS.a(system_LPC17xx.o)
 .debug_frame   0x00000934       0xc0 C:\nxp\PLeriC_WS\FreeRTOS_Library\Debug\libFreeRTOS_Library.a(port.o)
 .debug_frame   0x000009f4      0x2bc C:\nxp\PLeriC_WS\FreeRTOS_Library\Debug\libFreeRTOS_Library.a(tasks.o)
 .debug_frame   0x00000cb0       0x68 C:\nxp\PLeriC_WS\FreeRTOS_Library\Debug\libFreeRTOS_Library.a(heap_2.o)
 .debug_frame   0x00000d18       0x68 C:\nxp\PLeriC_WS\FreeRTOS_Library\Debug\libFreeRTOS_Library.a(list.o)
