00:43:34 **** Incremental Build of configuration Debug for project Example12 ****
make all 
Building target: Example12.axf
Invoking: MCU Linker
arm-none-eabi-gcc -nostdlib -L"D:\Proyecto\LPCXpresso\CMSISv1p30_LPC17xx\Debug" -L"D:\Proyecto\LPCXpresso\FreeRTOS_Library\Debug" -Xlinker --gc-sections -Xlinker -Map=Example12.map -mcpu=cortex-m3 -mthumb -T "Example12_Debug.ld" -o "Example12.axf"  ./cr_startup_lpc17.o ./main.o   -lCMSISv1p30_LPC17xx -lFreeRTOS_Library
Finished building target: Example12.axf
 
make --no-print-directory post-build
Performing post-build steps
arm-none-eabi-size Example12.axf; # arm-none-eabi-objcopy -O ihex Example12.axf Example12.hex ;
   text	   data	    bss	    dec	    hex	filename
  17928	      4	  10924	  28856	   70b8	Example12.axf
 

00:43:34 Build Finished (took 554ms)

