00:43:38 **** Incremental Build of configuration Debug for project Example09 ****
make all 
Building target: Example09.axf
Invoking: MCU Linker
arm-none-eabi-gcc -nostdlib -L"D:\Proyecto\LPCXpresso\CMSISv1p30_LPC17xx\Debug" -L"D:\Proyecto\LPCXpresso\FreeRTOS_Library\Debug" -Xlinker --gc-sections -Xlinker -Map=Example09.map -mcpu=cortex-m3 -mthumb -T "Example09_Debug.ld" -o "Example09.axf"  ./cr_startup_lpc17.o ./main.o   -lCMSISv1p30_LPC17xx -lFreeRTOS_Library
Finished building target: Example09.axf
 
make --no-print-directory post-build
Performing post-build steps
arm-none-eabi-size Example09.axf; # arm-none-eabi-objcopy -O ihex Example09.axf Example09.hex ;
   text	   data	    bss	    dec	    hex	filename
  16072	      4	  10924	  27000	   6978	Example09.axf
 

00:43:38 Build Finished (took 604ms)

