00:43:30 **** Incremental Build of configuration Debug for project Example15 ****
make all 
Building target: Example15.axf
Invoking: MCU Linker
arm-none-eabi-gcc -nostdlib -L"D:\Proyecto\LPCXpresso\CMSISv1p30_LPC17xx\Debug" -L"D:\Proyecto\LPCXpresso\FreeRTOS_Library\Debug" -Xlinker --gc-sections -Xlinker -Map=Example15.map -mcpu=cortex-m3 -mthumb -T "Example15_Debug.ld" -o "Example15.axf"  ./cr_startup_lpc17.o ./main.o   -lCMSISv1p30_LPC17xx -lFreeRTOS_Library
Finished building target: Example15.axf
 
make --no-print-directory post-build
Performing post-build steps
arm-none-eabi-size Example15.axf; # arm-none-eabi-objcopy -O ihex Example15.axf Example15.hex ;
   text	   data	    bss	    dec	    hex	filename
  17488	    232	  10948	  28668	   6ffc	Example15.axf
 

00:43:30 Build Finished (took 556ms)

