00:43:47 **** Incremental Build of configuration Debug for project Example02 ****
make all 
Building target: Example02.axf
Invoking: MCU Linker
arm-none-eabi-gcc -nostdlib -L"D:\Proyecto\LPCXpresso\CMSISv1p30_LPC17xx\Debug" -L"D:\Proyecto\LPCXpresso\FreeRTOS_Library\Debug" -Xlinker --gc-sections -Xlinker -Map=Example02.map -mcpu=cortex-m3 -mthumb -T "Example02_Debug.ld" -o "Example02.axf"  ./cr_startup_lpc17.o ./main.o   -lCMSISv1p30_LPC17xx -lFreeRTOS_Library
Finished building target: Example02.axf
 
make --no-print-directory post-build
Performing post-build steps
arm-none-eabi-size Example02.axf; # arm-none-eabi-objcopy -O ihex Example02.axf Example02.hex ;
   text	   data	    bss	    dec	    hex	filename
  16032	     12	  10920	  26964	   6954	Example02.axf
 

00:43:48 Build Finished (took 616ms)

