00:43:28 **** Incremental Build of configuration Debug for project Example16 ****
make all 
Building target: Example16.axf
Invoking: MCU Linker
arm-none-eabi-gcc -nostdlib -L"D:\Proyecto\LPCXpresso\CMSISv1p30_LPC17xx\Debug" -L"D:\Proyecto\LPCXpresso\FreeRTOS_Library\Debug" -Xlinker --gc-sections -Xlinker -Map=Example16.map -mcpu=cortex-m3 -mthumb -T "Example16_Debug.ld" -o "Example16.axf"  ./cr_startup_lpc17.o ./main.o   -lCMSISv1p30_LPC17xx -lFreeRTOS_Library
Finished building target: Example16.axf
 
make --no-print-directory post-build
Performing post-build steps
arm-none-eabi-size Example16.axf; # arm-none-eabi-objcopy -O ihex Example16.axf Example16.hex ;
   text	   data	    bss	    dec	    hex	filename
  17736	    244	  10956	  28936	   7108	Example16.axf
 

00:43:29 Build Finished (took 666ms)

