00:43:43 **** Incremental Build of configuration Debug for project Example05 ****
make all 
Building target: Example05.axf
Invoking: MCU Linker
arm-none-eabi-gcc -nostdlib -L"D:\Proyecto\LPCXpresso\CMSISv1p30_LPC17xx\Debug" -L"D:\Proyecto\LPCXpresso\FreeRTOS_Library\Debug" -Xlinker --gc-sections -Xlinker -Map=Example05.map -mcpu=cortex-m3 -mthumb -T "Example05_Debug.ld" -o "Example05.axf"  ./cr_startup_lpc17.o ./main.o   -lCMSISv1p30_LPC17xx -lFreeRTOS_Library
Finished building target: Example05.axf
 
make --no-print-directory post-build
Performing post-build steps
arm-none-eabi-size Example05.axf; # arm-none-eabi-objcopy -O ihex Example05.axf Example05.hex ;
   text	   data	    bss	    dec	    hex	filename
  16024	     12	  10920	  26956	   694c	Example05.axf
 

00:43:44 Build Finished (took 596ms)

